[watch--bein.blogspot.com/index.html]
[backblue.gif]
[fade.gif]
[index.html]
[watch--bein.blogspot.com/feeds/posts/default]
[watch--bein.blogspot.com/feeds/posts/default9522]
[3.bp.blogspot.com/-SVZGaFIdJew/Wr-pqiKV_HI/AAAAAAAAaDc/N6yc9COYb3QCG1Wn80rMjnBOl5ERKXFigCLcBGAs/s1600/ico.png]
[2.bp.blogspot.com/-THD-ll0ZxIk/WrNdZj59MII/AAAAAAAAGcs/m6K-JKhET14sK5E-74tN6NNcy3ZiqbYZQCLcBGAs/s70/R9wXSbF.png]
[3.bp.blogspot.com/-V-Q7Ydw5kuE/WvOijlRpnlI/AAAAAAAAah8/kiAt2LBvawojXvYkvQr0zdsNGkvGObWiACLcBGAs/s1600/down.png]
[4.bp.blogspot.com/-RwRZRfZ1TbI/Wyk-tgX0AwI/AAAAAAAAa98/ops_vdF9GQIiC7-Ep1NdXxZ8DoAhH1kXACLcBGAs/s1600/android.png]
[3.bp.blogspot.com/-I2S0lia_dT4/WylAzMY7LfI/AAAAAAAAa-I/Kccl6gkla9ge8hTiSWwe6sCF4npdcCwwQCLcBGAs/s1600/1.png]
[watch--bein.blogspot.com/owl.carousel/ajax-loader.7.delayed]
[4.bp.blogspot.com/-HtVlQhfsk2w/WrOBQ4StAwI/AAAAAAAAGc8/vDaSmP1PNwQdVNX7pZ0zlUhb5UF5mxFzgCLcBGAs/s110/Nbio79L.png]
[4.bp.blogspot.com/-Wv6wjuNHgec/WqKMf4yQJWI/AAAAAAAACOc/uUwNLrWayqkYcOJ7NN7VAdJW4_DgpDyNACLcBGAs/s1600/l-icons-min.png]
[ajax.googleapis.com/ajax/libs/jquery/1.11.0/jquery.min.js]
[2.bp.blogspot.com/-HxJ5WxAs0QQ/W8x7mcCKwDI/AAAAAAAAbis/Jt34iLiLlHg9ng-onSCfJtqV_OEFoeexQCK4BGAYYCw/s1600/SADASD.png]
[watch--bein.blogspot.com/p/bein.html]
[4.bp.blogspot.com/-X_uZ1AXcemU/WtFJLcEao8I/AAAAAAAAaMo/wwldSlhmRUIipUHOKO56qqtssfeFzOylgCLcBGAs/s1600/Sports_Global.png]
[watch--bein.blogspot.com/p/beinnews.html]
[2.bp.blogspot.com/-1fmaOMHjqaM/WtFJLQxGAkI/AAAAAAAAaMs/CsCeRYEXdSE72LkaRiHyKyMgdOJmisr8gCLcBGAs/s1600/Sports_News_ar.png]
[watch--bein.blogspot.com/p/bein1.html]
[4.bp.blogspot.com/-L5tcqonCJEI/WryV7yAv8GI/AAAAAAAAaBk/nPnsqNJX64oS72twFhug9UBoHO6AXtHygCLcBGAs/s1600/bein1.png]
[watch--bein.blogspot.com/p/bein2.html]
[2.bp.blogspot.com/-8vZtbyphJoY/WrzHH4IamzI/AAAAAAAAaB8/d1hxk3XNBHIIwXzQrxhpJN0eb4l5HhlnQCLcBGAs/s1600/2-HD.png]
[watch--bein.blogspot.com/p/bein3.html]
[2.bp.blogspot.com/-LK5uO6tts4k/WrzHH6XJ1VI/AAAAAAAAaB4/DzvG3CvEzv0CTWwtYqwXXRCcUWeVwfYtgCLcBGAs/s1600/3-HD.png]
[watch--bein.blogspot.com/p/bein4.html]
[4.bp.blogspot.com/-M6uswGEXJoY/WrzHH8p7QyI/AAAAAAAAaB0/vq1MtGEDIkg-FD1KoWX24V32-rzWXoGZACLcBGAs/s1600/4-HD.png]
[watch--bein.blogspot.com/p/bein5.html]
[3.bp.blogspot.com/-dNth9_Exlx4/WrzHIV-_7nI/AAAAAAAAaCA/gueOyDPUDocqLrkrvZ0aFiKGbj0jfNzzACLcBGAs/s1600/5-HD.png]
[watch--bein.blogspot.com/p/bein6.html]
[4.bp.blogspot.com/-iks-c8q_Z58/WrzHI5xQP5I/AAAAAAAAaCE/HcshcefvUucl0dOMbJ7deYaC__m0P7ozgCLcBGAs/s1600/6-HD.png]
[watch--bein.blogspot.com/p/bein7.html]
[2.bp.blogspot.com/-h-tSLjQ6LsI/WtFC66Y527I/AAAAAAAAaMA/0PUmlKJCdTowLNOEdDn1hDLHmQkjPv3XwCLcBGAs/s1600/7-HD.png]
[watch--bein.blogspot.com/p/bein-premium-1.html]
[lh3.googleusercontent.com/-8XxelRMnrQM/YWQj5_BMfLI/AAAAAAAAfnk/pXhdPDJAmaQEemjXdMPk2pPWxfvuy-cjgCLcBGAsYHQ/pr1.png]
[watch--bein.blogspot.com/p/bein-premium-2.html]
[lh3.googleusercontent.com/-zLaMgYDu-qU/YWQj59tOaKI/AAAAAAAAfno/vUl-rCXgJxc3Fw3o4FnuOYtZ5pMuhhnggCLcBGAsYHQ/pr2.png]
[watch--bein.blogspot.com/p/bein-premium-3.html]
[lh3.googleusercontent.com/-bvyVOsoEUW8/YWQj5ubI_II/AAAAAAAAfng/b2Vz6EfusuwLTN1mwBZCQQP5UdtAPURXACLcBGAsYHQ/pr3.png]
[watch--bein.blogspot.com/p/bein1en.html]
[lh3.googleusercontent.com/-9V1AfVJCqdE/YWQp0q0uR2I/AAAAAAAAfn8/XoEUk-iZtL40PpKMY4MrYObvR-q6y-eYQCLcBGAsYHQ/en1.png]
[watch--bein.blogspot.com/p/bein2en.html]
[lh3.googleusercontent.com/-CUD1PMe5Gec/YWQp0DG5oZI/AAAAAAAAfn0/z3GLnWwM8FkYORdZwMELu9edMVAsSPH4ACLcBGAsYHQ/en2.png]
[watch--bein.blogspot.com/p/bein3en.html]
[lh3.googleusercontent.com/-iuIB09SXKoc/YWQp0Vk0m3I/AAAAAAAAfn4/BYuq_Otgzbk8abjIgvbS2m2DsSIi3-V3ACLcBGAsYHQ/en3.png]
[watch--bein.blogspot.com/p/bein1fr.html]
[lh3.googleusercontent.com/-Jk-bB14HP10/YWQp004sQRI/AAAAAAAAfoA/pm6Ggyre3jM8IgsjdqjiUEFrEjKGx9BPgCLcBGAsYHQ/fr1.png]
[watch--bein.blogspot.com/p/bein2fr.html]
[lh3.googleusercontent.com/-k7tWhas-i1M/YWQp1HWI4LI/AAAAAAAAfoE/iotSkCkjlqUEsigWfc8BqZkXY6mEnb2DgCLcBGAsYHQ/fr2.png]
[watch--bein.blogspot.com/p/bein3fr.html]
[lh3.googleusercontent.com/-GZfPGcKvJpE/YWQp1XM3_kI/AAAAAAAAfoI/MoUFGlJ2rJgPbSNpH_ErXX38lh1pz0l4ACLcBGAsYHQ/fr3.png]
[watch--bein.blogspot.com/p/sky-mainevent.html]
[1.bp.blogspot.com/-jCvUZayMwqM/W_cEO0IH5KI/AAAAAAAAbwU/Is8rwcei_UgPfmlLMb-n7L29uQXnPtYeACLcBGAs/s1600/1-mainevent.png]
[watch--bein.blogspot.com/p/sky-premierleague.html]
[4.bp.blogspot.com/-7YuxsxhI-_k/W_cEO78VzAI/AAAAAAAAbwY/kZ_dYccQ0lkfDBwNGmbuZIk81Lu3bgwyQCLcBGAs/s1600/2-premierleague.png]
[watch--bein.blogspot.com/p/sky-football.html]
[3.bp.blogspot.com/-c0bvtSemIls/W_cEPoQGXpI/AAAAAAAAbwc/1erRTUA77Fg-Ry9eFY5SjV3_c3YzrH5EwCLcBGAs/s1600/3-football.png]
[watch--bein.blogspot.com/p/sky-cricket.html]
[1.bp.blogspot.com/-T7dND3lcg3A/W_cEP2WS1MI/AAAAAAAAbwg/eJnAijAyW4ExDrCxlLFaZk7aDd0binDbACLcBGAs/s1600/4-cricket.png]
[watch--bein.blogspot.com/p/sky-golf.html]
[4.bp.blogspot.com/-c_jo9ksZvXc/W_cEPwFPXoI/AAAAAAAAbwk/cCj4PCoVLechZFRttQsBn62iSaCZZvqfgCLcBGAs/s1600/5-golf.png]
[watch--bein.blogspot.com/p/sky-f1.html]
[1.bp.blogspot.com/-X2Szf9NqTD0/W_cEQY95LlI/AAAAAAAAbwo/oYbJ-cRPiRA3cddFLXjJdrdizBXOuoIUACLcBGAs/s1600/6-f1.png]
[watch--bein.blogspot.com/p/sky-action.html]
[3.bp.blogspot.com/-mx-uvESjVnc/W_cEQssm8iI/AAAAAAAAbws/U1mFXhuksT4Pd2rTrd_lBKmcXYMugnNfwCLcBGAs/s1600/7-action.png]
[watch--bein.blogspot.com/p/sky-arena.html]
[4.bp.blogspot.com/-VJGMTGD64IU/W_cEQ088meI/AAAAAAAAbww/etA9bL7r2_8Xbp4fn2-cp_LYt8LClsf_ACLcBGAs/s1600/8-arena.png]
[watch--bein.blogspot.com/p/sky-news.html]
[2.bp.blogspot.com/-7is7E7pU8wg/W_cERJYHWQI/AAAAAAAAbw0/PnV0u_Ne9OwXmRWYJMji8BNnS4PPCmxnwCLcBGAs/s1600/9-news.png]
[watch--bein.blogspot.com/p/sky-mix.html]
[4.bp.blogspot.com/-QmqGGDUI3uI/W_cEO-rRDPI/AAAAAAAAbwQ/oXSyWZGC6koruX446MRilkrd5-PJ_Zb1ACLcBGAs/s1600/10-mix.png]
[4.bp.blogspot.com/-R4h-6PUsmIA/WrNbQFWi4BI/AAAAAAAAGck/OpBTX0CopMU6dWIbenM_IsNe_DAKk3M8QCK4BGAYYCw/s200/Vu3uuAJ.png]
[ajax.googleapis.com/ajax/libs/jquery/1.11.1/jquery.min.js]
[watch--bein.blogspot.com/js/cookienotice.js]
[www.blogger.com/static/v1/widgets/2342155703-widgets.js]
[watch--bein.blogspot.com/index.html]
[watch--bein.blogspot.com/owl.carousel/ajax-loader.html]
[www.blogger.com/dyn-css/authorization0114.css]
[watch--bein.blogspot.com/p/bein.html]
[watch--bein.blogspot.com/p/beinnews.html]
[watch--bein.blogspot.com/p/bein1.html]
[watch--bein.blogspot.com/p/bein2.html]
[watch--bein.blogspot.com/p/bein3.html]
[watch--bein.blogspot.com/p/bein4.html]
[watch--bein.blogspot.com/p/bein5.html]
[watch--bein.blogspot.com/p/bein6.html]
[watch--bein.blogspot.com/p/bein7.html]
[watch--bein.blogspot.com/p/bein-premium-1.html]
[watch--bein.blogspot.com/p/bein-premium-2.html]
[watch--bein.blogspot.com/p/bein-premium-3.html]
[watch--bein.blogspot.com/p/bein1en.html]
[watch--bein.blogspot.com/p/bein2en.html]
[watch--bein.blogspot.com/p/bein3en.html]
[watch--bein.blogspot.com/p/bein1fr.html]
[watch--bein.blogspot.com/p/bein2fr.html]
[watch--bein.blogspot.com/p/bein3fr.html]
[watch--bein.blogspot.com/p/sky-mainevent.html]
[watch--bein.blogspot.com/p/sky-premierleague.html]
[watch--bein.blogspot.com/p/sky-football.html]
[watch--bein.blogspot.com/p/sky-cricket.html]
[watch--bein.blogspot.com/p/sky-golf.html]
[watch--bein.blogspot.com/p/sky-f1.html]
[watch--bein.blogspot.com/p/sky-action.html]
[watch--bein.blogspot.com/p/sky-arena.html]
[watch--bein.blogspot.com/p/sky-news.html]
[watch--bein.blogspot.com/p/sky-mix.html]
[i.ytimg.com/vi/cH1aRyPNqzA/hqdefault.jpg]
[i.ytimg.com/vi/0Y-IRcUJi6o/hqdefault.jpg]
